../user/sync_layer_can.c:21:13:console	24	static
../user/sync_layer_can.c:43:17:timeInMillis	8	static
../user/sync_layer_can.c:48:16:canSend	24	static
../user/sync_layer_can.c:64:13:txCallback	24	static
../user/sync_layer_can.c:73:9:sync_layer_can_txSendThread	40	static
../user/sync_layer_can.c:215:9:sync_layer_can_txReceiveThread	56	static
../user/sync_layer_can.c:330:13:rxCallback	24	static
../user/sync_layer_can.c:339:9:sync_layer_can_rxSendThread	40	static
../user/sync_layer_can.c:440:6:sync_layer_can_rxReceiveThread	48	static
../user/sync_layer_can.c:517:6:sync_layer_can_init	24	static
