../user/sync_layer_can.c:21:13:console	24	static
../user/sync_layer_can.c:42:17:timeInMillis	8	static
../user/sync_layer_can.c:47:16:canSend	24	static
../user/sync_layer_can.c:63:13:txCallback	24	static
../user/sync_layer_can.c:72:9:sync_layer_can_txSendThread	40	static
../user/sync_layer_can.c:214:9:sync_layer_can_txReceiveThread	56	static
../user/sync_layer_can.c:329:13:rxCallback	24	static
../user/sync_layer_can.c:338:9:sync_layer_can_rxSendThread	40	static
../user/sync_layer_can.c:445:9:sync_layer_can_rxReceiveThread	48	static
../user/sync_layer_can.c:524:6:sync_layer_can_init	24	static
