10:07:46 **** Incremental Build of configuration Debug for project pn_can_protocol ****
make -j4 all 
arm-none-eabi-gcc "../user/user.c" -mcpu=cortex-m3 -std=gnu11 -g3 -DDEBUG -DUSE_HAL_DRIVER -DSTM32F103xB -c -I../Core/Inc -I"C:/Users/peter/OneDrive/Desktop/Github/pn_can_protocol/pn_can_protocol/can_com" -I"C:/Users/peter/OneDrive/Desktop/Github/pn_can_protocol/pn_can_protocol/user" -I../Drivers/STM32F1xx_HAL_Driver/Inc/Legacy -I../Drivers/STM32F1xx_HAL_Driver/Inc -I../Drivers/CMSIS/Device/ST/STM32F1xx/Include -I../Drivers/CMSIS/Include -O0 -ffunction-sections -fdata-sections -Wall -fstack-usage -fcyclomatic-complexity -MMD -MP -MF"user/user.d" -MT"user/user.o" --specs=nano.specs -mfloat-abi=soft -mthumb -o "user/user.o"
arm-none-eabi-gcc "../can_com/base_layer_can.c" -mcpu=cortex-m3 -std=gnu11 -g3 -DDEBUG -DUSE_HAL_DRIVER -DSTM32F103xB -c -I../Core/Inc -I"C:/Users/peter/OneDrive/Desktop/Github/pn_can_protocol/pn_can_protocol/can_com" -I"C:/Users/peter/OneDrive/Desktop/Github/pn_can_protocol/pn_can_protocol/user" -I../Drivers/STM32F1xx_HAL_Driver/Inc/Legacy -I../Drivers/STM32F1xx_HAL_Driver/Inc -I../Drivers/CMSIS/Device/ST/STM32F1xx/Include -I../Drivers/CMSIS/Include -O0 -ffunction-sections -fdata-sections -Wall -fstack-usage -fcyclomatic-complexity -MMD -MP -MF"can_com/base_layer_can.d" -MT"can_com/base_layer_can.o" --specs=nano.specs -mfloat-abi=soft -mthumb -o "can_com/base_layer_can.o"
arm-none-eabi-gcc "../can_com/base_layer_can_test.c" -mcpu=cortex-m3 -std=gnu11 -g3 -DDEBUG -DUSE_HAL_DRIVER -DSTM32F103xB -c -I../Core/Inc -I"C:/Users/peter/OneDrive/Desktop/Github/pn_can_protocol/pn_can_protocol/can_com" -I"C:/Users/peter/OneDrive/Desktop/Github/pn_can_protocol/pn_can_protocol/user" -I../Drivers/STM32F1xx_HAL_Driver/Inc/Legacy -I../Drivers/STM32F1xx_HAL_Driver/Inc -I../Drivers/CMSIS/Device/ST/STM32F1xx/Include -I../Drivers/CMSIS/Include -O0 -ffunction-sections -fdata-sections -Wall -fstack-usage -fcyclomatic-complexity -MMD -MP -MF"can_com/base_layer_can_test.d" -MT"can_com/base_layer_can_test.o" --specs=nano.specs -mfloat-abi=soft -mthumb -o "can_com/base_layer_can_test.o"
arm-none-eabi-gcc "../can_com/map.c" -mcpu=cortex-m3 -std=gnu11 -g3 -DDEBUG -DUSE_HAL_DRIVER -DSTM32F103xB -c -I../Core/Inc -I"C:/Users/peter/OneDrive/Desktop/Github/pn_can_protocol/pn_can_protocol/can_com" -I"C:/Users/peter/OneDrive/Desktop/Github/pn_can_protocol/pn_can_protocol/user" -I../Drivers/STM32F1xx_HAL_Driver/Inc/Legacy -I../Drivers/STM32F1xx_HAL_Driver/Inc -I../Drivers/CMSIS/Device/ST/STM32F1xx/Include -I../Drivers/CMSIS/Include -O0 -ffunction-sections -fdata-sections -Wall -fstack-usage -fcyclomatic-complexity -MMD -MP -MF"can_com/map.d" -MT"can_com/map.o" --specs=nano.specs -mfloat-abi=soft -mthumb -o "can_com/map.o"
../can_com/base_layer_can_test.c: In function 'canSend':
../can_com/base_layer_can_test.c:9:32: warning: format '%x' expects argument of type 'unsigned int', but argument 2 has type 'uint32_t' {aka 'long unsigned int'} [-Wformat=]
    9 |     printf("Transmitted-> 0x%02x : ", id);
      |                             ~~~^      ~~
      |                                |      |
      |                                |      uint32_t {aka long unsigned int}
      |                                unsigned int
      |                             %02lx
../can_com/base_layer_can_test.c: In function 'canReceive':
../can_com/base_layer_can_test.c:18:29: warning: format '%x' expects argument of type 'unsigned int', but argument 2 has type 'uint32_t' {aka 'long unsigned int'} [-Wformat=]
   18 |     printf("Received-> 0x%02x : ", id);
      |                          ~~~^      ~~
      |                             |      |
      |                             |      uint32_t {aka long unsigned int}
      |                             unsigned int
      |                          %02lx
../can_com/base_layer_can.c: In function 'base_layer_can_send_monitor':
../can_com/base_layer_can.c:172:5: warning: this 'if' clause does not guard... [-Wmisleading-indentation]
  172 |     if (!can_send(data->id, data->bytes, data->len))
      |     ^~
../can_com/base_layer_can.c:174:2: note: ...this statement, but the latter is misleadingly indented as if it were guarded by the 'if'
  174 |  que_pop(transmit_que);
      |  ^~~~~~~
arm-none-eabi-gcc "../can_com/map_handling_layer_rx.c" -mcpu=cortex-m3 -std=gnu11 -g3 -DDEBUG -DUSE_HAL_DRIVER -DSTM32F103xB -c -I../Core/Inc -I"C:/Users/peter/OneDrive/Desktop/Github/pn_can_protocol/pn_can_protocol/can_com" -I"C:/Users/peter/OneDrive/Desktop/Github/pn_can_protocol/pn_can_protocol/user" -I../Drivers/STM32F1xx_HAL_Driver/Inc/Legacy -I../Drivers/STM32F1xx_HAL_Driver/Inc -I../Drivers/CMSIS/Device/ST/STM32F1xx/Include -I../Drivers/CMSIS/Include -O0 -ffunction-sections -fdata-sections -Wall -fstack-usage -fcyclomatic-complexity -MMD -MP -MF"can_com/map_handling_layer_rx.d" -MT"can_com/map_handling_layer_rx.o" --specs=nano.specs -mfloat-abi=soft -mthumb -o "can_com/map_handling_layer_rx.o"
arm-none-eabi-gcc "../can_com/map_handling_layer_test.c" -mcpu=cortex-m3 -std=gnu11 -g3 -DDEBUG -DUSE_HAL_DRIVER -DSTM32F103xB -c -I../Core/Inc -I"C:/Users/peter/OneDrive/Desktop/Github/pn_can_protocol/pn_can_protocol/can_com" -I"C:/Users/peter/OneDrive/Desktop/Github/pn_can_protocol/pn_can_protocol/user" -I../Drivers/STM32F1xx_HAL_Driver/Inc/Legacy -I../Drivers/STM32F1xx_HAL_Driver/Inc -I../Drivers/CMSIS/Device/ST/STM32F1xx/Include -I../Drivers/CMSIS/Include -O0 -ffunction-sections -fdata-sections -Wall -fstack-usage -fcyclomatic-complexity -MMD -MP -MF"can_com/map_handling_layer_test.d" -MT"can_com/map_handling_layer_test.o" --specs=nano.specs -mfloat-abi=soft -mthumb -o "can_com/map_handling_layer_test.o"
arm-none-eabi-gcc "../can_com/map_handling_layer_tx.c" -mcpu=cortex-m3 -std=gnu11 -g3 -DDEBUG -DUSE_HAL_DRIVER -DSTM32F103xB -c -I../Core/Inc -I"C:/Users/peter/OneDrive/Desktop/Github/pn_can_protocol/pn_can_protocol/can_com" -I"C:/Users/peter/OneDrive/Desktop/Github/pn_can_protocol/pn_can_protocol/user" -I../Drivers/STM32F1xx_HAL_Driver/Inc/Legacy -I../Drivers/STM32F1xx_HAL_Driver/Inc -I../Drivers/CMSIS/Device/ST/STM32F1xx/Include -I../Drivers/CMSIS/Include -O0 -ffunction-sections -fdata-sections -Wall -fstack-usage -fcyclomatic-complexity -MMD -MP -MF"can_com/map_handling_layer_tx.d" -MT"can_com/map_handling_layer_tx.o" --specs=nano.specs -mfloat-abi=soft -mthumb -o "can_com/map_handling_layer_tx.o"
arm-none-eabi-gcc "../can_com/map_test.c" -mcpu=cortex-m3 -std=gnu11 -g3 -DDEBUG -DUSE_HAL_DRIVER -DSTM32F103xB -c -I../Core/Inc -I"C:/Users/peter/OneDrive/Desktop/Github/pn_can_protocol/pn_can_protocol/can_com" -I"C:/Users/peter/OneDrive/Desktop/Github/pn_can_protocol/pn_can_protocol/user" -I../Drivers/STM32F1xx_HAL_Driver/Inc/Legacy -I../Drivers/STM32F1xx_HAL_Driver/Inc -I../Drivers/CMSIS/Device/ST/STM32F1xx/Include -I../Drivers/CMSIS/Include -O0 -ffunction-sections -fdata-sections -Wall -fstack-usage -fcyclomatic-complexity -MMD -MP -MF"can_com/map_test.d" -MT"can_com/map_test.o" --specs=nano.specs -mfloat-abi=soft -mthumb -o "can_com/map_test.o"
arm-none-eabi-gcc "../can_com/que.c" -mcpu=cortex-m3 -std=gnu11 -g3 -DDEBUG -DUSE_HAL_DRIVER -DSTM32F103xB -c -I../Core/Inc -I"C:/Users/peter/OneDrive/Desktop/Github/pn_can_protocol/pn_can_protocol/can_com" -I"C:/Users/peter/OneDrive/Desktop/Github/pn_can_protocol/pn_can_protocol/user" -I../Drivers/STM32F1xx_HAL_Driver/Inc/Legacy -I../Drivers/STM32F1xx_HAL_Driver/Inc -I../Drivers/CMSIS/Device/ST/STM32F1xx/Include -I../Drivers/CMSIS/Include -O0 -ffunction-sections -fdata-sections -Wall -fstack-usage -fcyclomatic-complexity -MMD -MP -MF"can_com/que.d" -MT"can_com/que.o" --specs=nano.specs -mfloat-abi=soft -mthumb -o "can_com/que.o"
../can_com/map_test.c: In function 'map_test_print':
../can_com/map_test.c:18:18: warning: format '%x' expects argument of type 'unsigned int', but argument 2 has type 'uint32_t' {aka 'long unsigned int'} [-Wformat=]
   18 |         printf("%x [",data->can_id);
      |                 ~^    ~~~~~~~~~~~~
      |                  |        |
      |                  |        uint32_t {aka long unsigned int}
      |                  unsigned int
      |                 %lx
../can_com/map_test.c: In function 'map_test':
../can_com/map_test.c:55:18: warning: format '%d' expects argument of type 'int', but argument 2 has type 'uint32_t' {aka 'long unsigned int'} [-Wformat=]
   55 |         printf("%d ",keys[i]);
      |                 ~^   ~~~~~~~
      |                  |       |
      |                  int     uint32_t {aka long unsigned int}
      |                 %ld
arm-none-eabi-gcc "../can_com/que_test.c" -mcpu=cortex-m3 -std=gnu11 -g3 -DDEBUG -DUSE_HAL_DRIVER -DSTM32F103xB -c -I../Core/Inc -I"C:/Users/peter/OneDrive/Desktop/Github/pn_can_protocol/pn_can_protocol/can_com" -I"C:/Users/peter/OneDrive/Desktop/Github/pn_can_protocol/pn_can_protocol/user" -I../Drivers/STM32F1xx_HAL_Driver/Inc/Legacy -I../Drivers/STM32F1xx_HAL_Driver/Inc -I../Drivers/CMSIS/Device/ST/STM32F1xx/Include -I../Drivers/CMSIS/Include -O0 -ffunction-sections -fdata-sections -Wall -fstack-usage -fcyclomatic-complexity -MMD -MP -MF"can_com/que_test.d" -MT"can_com/que_test.o" --specs=nano.specs -mfloat-abi=soft -mthumb -o "can_com/que_test.o"
arm-none-eabi-gcc "../can_com/syn_layer_can_test.c" -mcpu=cortex-m3 -std=gnu11 -g3 -DDEBUG -DUSE_HAL_DRIVER -DSTM32F103xB -c -I../Core/Inc -I"C:/Users/peter/OneDrive/Desktop/Github/pn_can_protocol/pn_can_protocol/can_com" -I"C:/Users/peter/OneDrive/Desktop/Github/pn_can_protocol/pn_can_protocol/user" -I../Drivers/STM32F1xx_HAL_Driver/Inc/Legacy -I../Drivers/STM32F1xx_HAL_Driver/Inc -I../Drivers/CMSIS/Device/ST/STM32F1xx/Include -I../Drivers/CMSIS/Include -O0 -ffunction-sections -fdata-sections -Wall -fstack-usage -fcyclomatic-complexity -MMD -MP -MF"can_com/syn_layer_can_test.d" -MT"can_com/syn_layer_can_test.o" --specs=nano.specs -mfloat-abi=soft -mthumb -o "can_com/syn_layer_can_test.o"
arm-none-eabi-gcc "../can_com/sync_layer_can_rx.c" -mcpu=cortex-m3 -std=gnu11 -g3 -DDEBUG -DUSE_HAL_DRIVER -DSTM32F103xB -c -I../Core/Inc -I"C:/Users/peter/OneDrive/Desktop/Github/pn_can_protocol/pn_can_protocol/can_com" -I"C:/Users/peter/OneDrive/Desktop/Github/pn_can_protocol/pn_can_protocol/user" -I../Drivers/STM32F1xx_HAL_Driver/Inc/Legacy -I../Drivers/STM32F1xx_HAL_Driver/Inc -I../Drivers/CMSIS/Device/ST/STM32F1xx/Include -I../Drivers/CMSIS/Include -O0 -ffunction-sections -fdata-sections -Wall -fstack-usage -fcyclomatic-complexity -MMD -MP -MF"can_com/sync_layer_can_rx.d" -MT"can_com/sync_layer_can_rx.o" --specs=nano.specs -mfloat-abi=soft -mthumb -o "can_com/sync_layer_can_rx.o"
../can_com/que_test.c: In function 'que_test_print_struct':
../can_com/que_test.c:14:16: warning: format '%x' expects argument of type 'unsigned int', but argument 2 has type 'uint32_t' {aka 'long unsigned int'} [-Wformat=]
   14 |     printf("0x%x: ",canStruct.id);
      |               ~^    ~~~~~~~~~~~~
      |                |             |
      |                unsigned int  uint32_t {aka long unsigned int}
      |               %lx
../can_com/syn_layer_can_test.c: In function 'dataTransmitted':
../can_com/syn_layer_can_test.c:28:22: warning: format '%x' expects argument of type 'unsigned int', but argument 2 has type 'uint32_t' {aka 'long unsigned int'} [-Wformat=]
   28 |         printf("0x%02x : ",data->id);
      |                   ~~~^     ~~~~~~~~
      |                      |         |
      |                      |         uint32_t {aka long unsigned int}
      |                      unsigned int
      |                   %02lx
../can_com/syn_layer_can_test.c: In function 'dataReceived':
../can_com/syn_layer_can_test.c:39:22: warning: format '%x' expects argument of type 'unsigned int', but argument 2 has type 'uint32_t' {aka 'long unsigned int'} [-Wformat=]
   39 |         printf("0x%02x : ",data->id);
      |                   ~~~^     ~~~~~~~~
      |                      |         |
      |                      |         uint32_t {aka long unsigned int}
      |                      unsigned int
      |                   %02lx
arm-none-eabi-gcc "../can_com/sync_layer_can_tx.c" -mcpu=cortex-m3 -std=gnu11 -g3 -DDEBUG -DUSE_HAL_DRIVER -DSTM32F103xB -c -I../Core/Inc -I"C:/Users/peter/OneDrive/Desktop/Github/pn_can_protocol/pn_can_protocol/can_com" -I"C:/Users/peter/OneDrive/Desktop/Github/pn_can_protocol/pn_can_protocol/user" -I../Drivers/STM32F1xx_HAL_Driver/Inc/Legacy -I../Drivers/STM32F1xx_HAL_Driver/Inc -I../Drivers/CMSIS/Device/ST/STM32F1xx/Include -I../Drivers/CMSIS/Include -O0 -ffunction-sections -fdata-sections -Wall -fstack-usage -fcyclomatic-complexity -MMD -MP -MF"can_com/sync_layer_can_tx.d" -MT"can_com/sync_layer_can_tx.o" --specs=nano.specs -mfloat-abi=soft -mthumb -o "can_com/sync_layer_can_tx.o"
arm-none-eabi-gcc "../Drivers/STM32F1xx_HAL_Driver/Src/stm32f1xx_hal.c" -mcpu=cortex-m3 -std=gnu11 -g3 -DDEBUG -DUSE_HAL_DRIVER -DSTM32F103xB -c -I../Core/Inc -I"C:/Users/peter/OneDrive/Desktop/Github/pn_can_protocol/pn_can_protocol/can_com" -I"C:/Users/peter/OneDrive/Desktop/Github/pn_can_protocol/pn_can_protocol/user" -I../Drivers/STM32F1xx_HAL_Driver/Inc/Legacy -I../Drivers/STM32F1xx_HAL_Driver/Inc -I../Drivers/CMSIS/Device/ST/STM32F1xx/Include -I../Drivers/CMSIS/Include -O0 -ffunction-sections -fdata-sections -Wall -fstack-usage -fcyclomatic-complexity -MMD -MP -MF"Drivers/STM32F1xx_HAL_Driver/Src/stm32f1xx_hal.d" -MT"Drivers/STM32F1xx_HAL_Driver/Src/stm32f1xx_hal.o" --specs=nano.specs -mfloat-abi=soft -mthumb -o "Drivers/STM32F1xx_HAL_Driver/Src/stm32f1xx_hal.o"
arm-none-eabi-gcc "../Drivers/STM32F1xx_HAL_Driver/Src/stm32f1xx_hal_can.c" -mcpu=cortex-m3 -std=gnu11 -g3 -DDEBUG -DUSE_HAL_DRIVER -DSTM32F103xB -c -I../Core/Inc -I"C:/Users/peter/OneDrive/Desktop/Github/pn_can_protocol/pn_can_protocol/can_com" -I"C:/Users/peter/OneDrive/Desktop/Github/pn_can_protocol/pn_can_protocol/user" -I../Drivers/STM32F1xx_HAL_Driver/Inc/Legacy -I../Drivers/STM32F1xx_HAL_Driver/Inc -I../Drivers/CMSIS/Device/ST/STM32F1xx/Include -I../Drivers/CMSIS/Include -O0 -ffunction-sections -fdata-sections -Wall -fstack-usage -fcyclomatic-complexity -MMD -MP -MF"Drivers/STM32F1xx_HAL_Driver/Src/stm32f1xx_hal_can.d" -MT"Drivers/STM32F1xx_HAL_Driver/Src/stm32f1xx_hal_can.o" --specs=nano.specs -mfloat-abi=soft -mthumb -o "Drivers/STM32F1xx_HAL_Driver/Src/stm32f1xx_hal_can.o"
../can_com/sync_layer_can_tx.c: In function 'sync_layer_can_tx_rec':
../can_com/sync_layer_can_tx.c:114:18: warning: unused variable 'crc' [-Wunused-variable]
  114 |         uint32_t crc = *((uint32_t*)bytes+1);
      |                  ^~~
arm-none-eabi-gcc "../Drivers/STM32F1xx_HAL_Driver/Src/stm32f1xx_hal_cortex.c" -mcpu=cortex-m3 -std=gnu11 -g3 -DDEBUG -DUSE_HAL_DRIVER -DSTM32F103xB -c -I../Core/Inc -I"C:/Users/peter/OneDrive/Desktop/Github/pn_can_protocol/pn_can_protocol/can_com" -I"C:/Users/peter/OneDrive/Desktop/Github/pn_can_protocol/pn_can_protocol/user" -I../Drivers/STM32F1xx_HAL_Driver/Inc/Legacy -I../Drivers/STM32F1xx_HAL_Driver/Inc -I../Drivers/CMSIS/Device/ST/STM32F1xx/Include -I../Drivers/CMSIS/Include -O0 -ffunction-sections -fdata-sections -Wall -fstack-usage -fcyclomatic-complexity -MMD -MP -MF"Drivers/STM32F1xx_HAL_Driver/Src/stm32f1xx_hal_cortex.d" -MT"Drivers/STM32F1xx_HAL_Driver/Src/stm32f1xx_hal_cortex.o" --specs=nano.specs -mfloat-abi=soft -mthumb -o "Drivers/STM32F1xx_HAL_Driver/Src/stm32f1xx_hal_cortex.o"
arm-none-eabi-gcc "../Drivers/STM32F1xx_HAL_Driver/Src/stm32f1xx_hal_dma.c" -mcpu=cortex-m3 -std=gnu11 -g3 -DDEBUG -DUSE_HAL_DRIVER -DSTM32F103xB -c -I../Core/Inc -I"C:/Users/peter/OneDrive/Desktop/Github/pn_can_protocol/pn_can_protocol/can_com" -I"C:/Users/peter/OneDrive/Desktop/Github/pn_can_protocol/pn_can_protocol/user" -I../Drivers/STM32F1xx_HAL_Driver/Inc/Legacy -I../Drivers/STM32F1xx_HAL_Driver/Inc -I../Drivers/CMSIS/Device/ST/STM32F1xx/Include -I../Drivers/CMSIS/Include -O0 -ffunction-sections -fdata-sections -Wall -fstack-usage -fcyclomatic-complexity -MMD -MP -MF"Drivers/STM32F1xx_HAL_Driver/Src/stm32f1xx_hal_dma.d" -MT"Drivers/STM32F1xx_HAL_Driver/Src/stm32f1xx_hal_dma.o" --specs=nano.specs -mfloat-abi=soft -mthumb -o "Drivers/STM32F1xx_HAL_Driver/Src/stm32f1xx_hal_dma.o"
arm-none-eabi-gcc "../Drivers/STM32F1xx_HAL_Driver/Src/stm32f1xx_hal_exti.c" -mcpu=cortex-m3 -std=gnu11 -g3 -DDEBUG -DUSE_HAL_DRIVER -DSTM32F103xB -c -I../Core/Inc -I"C:/Users/peter/OneDrive/Desktop/Github/pn_can_protocol/pn_can_protocol/can_com" -I"C:/Users/peter/OneDrive/Desktop/Github/pn_can_protocol/pn_can_protocol/user" -I../Drivers/STM32F1xx_HAL_Driver/Inc/Legacy -I../Drivers/STM32F1xx_HAL_Driver/Inc -I../Drivers/CMSIS/Device/ST/STM32F1xx/Include -I../Drivers/CMSIS/Include -O0 -ffunction-sections -fdata-sections -Wall -fstack-usage -fcyclomatic-complexity -MMD -MP -MF"Drivers/STM32F1xx_HAL_Driver/Src/stm32f1xx_hal_exti.d" -MT"Drivers/STM32F1xx_HAL_Driver/Src/stm32f1xx_hal_exti.o" --specs=nano.specs -mfloat-abi=soft -mthumb -o "Drivers/STM32F1xx_HAL_Driver/Src/stm32f1xx_hal_exti.o"
arm-none-eabi-gcc "../Drivers/STM32F1xx_HAL_Driver/Src/stm32f1xx_hal_flash.c" -mcpu=cortex-m3 -std=gnu11 -g3 -DDEBUG -DUSE_HAL_DRIVER -DSTM32F103xB -c -I../Core/Inc -I"C:/Users/peter/OneDrive/Desktop/Github/pn_can_protocol/pn_can_protocol/can_com" -I"C:/Users/peter/OneDrive/Desktop/Github/pn_can_protocol/pn_can_protocol/user" -I../Drivers/STM32F1xx_HAL_Driver/Inc/Legacy -I../Drivers/STM32F1xx_HAL_Driver/Inc -I../Drivers/CMSIS/Device/ST/STM32F1xx/Include -I../Drivers/CMSIS/Include -O0 -ffunction-sections -fdata-sections -Wall -fstack-usage -fcyclomatic-complexity -MMD -MP -MF"Drivers/STM32F1xx_HAL_Driver/Src/stm32f1xx_hal_flash.d" -MT"Drivers/STM32F1xx_HAL_Driver/Src/stm32f1xx_hal_flash.o" --specs=nano.specs -mfloat-abi=soft -mthumb -o "Drivers/STM32F1xx_HAL_Driver/Src/stm32f1xx_hal_flash.o"
arm-none-eabi-gcc "../Drivers/STM32F1xx_HAL_Driver/Src/stm32f1xx_hal_flash_ex.c" -mcpu=cortex-m3 -std=gnu11 -g3 -DDEBUG -DUSE_HAL_DRIVER -DSTM32F103xB -c -I../Core/Inc -I"C:/Users/peter/OneDrive/Desktop/Github/pn_can_protocol/pn_can_protocol/can_com" -I"C:/Users/peter/OneDrive/Desktop/Github/pn_can_protocol/pn_can_protocol/user" -I../Drivers/STM32F1xx_HAL_Driver/Inc/Legacy -I../Drivers/STM32F1xx_HAL_Driver/Inc -I../Drivers/CMSIS/Device/ST/STM32F1xx/Include -I../Drivers/CMSIS/Include -O0 -ffunction-sections -fdata-sections -Wall -fstack-usage -fcyclomatic-complexity -MMD -MP -MF"Drivers/STM32F1xx_HAL_Driver/Src/stm32f1xx_hal_flash_ex.d" -MT"Drivers/STM32F1xx_HAL_Driver/Src/stm32f1xx_hal_flash_ex.o" --specs=nano.specs -mfloat-abi=soft -mthumb -o "Drivers/STM32F1xx_HAL_Driver/Src/stm32f1xx_hal_flash_ex.o"
arm-none-eabi-gcc "../Drivers/STM32F1xx_HAL_Driver/Src/stm32f1xx_hal_gpio.c" -mcpu=cortex-m3 -std=gnu11 -g3 -DDEBUG -DUSE_HAL_DRIVER -DSTM32F103xB -c -I../Core/Inc -I"C:/Users/peter/OneDrive/Desktop/Github/pn_can_protocol/pn_can_protocol/can_com" -I"C:/Users/peter/OneDrive/Desktop/Github/pn_can_protocol/pn_can_protocol/user" -I../Drivers/STM32F1xx_HAL_Driver/Inc/Legacy -I../Drivers/STM32F1xx_HAL_Driver/Inc -I../Drivers/CMSIS/Device/ST/STM32F1xx/Include -I../Drivers/CMSIS/Include -O0 -ffunction-sections -fdata-sections -Wall -fstack-usage -fcyclomatic-complexity -MMD -MP -MF"Drivers/STM32F1xx_HAL_Driver/Src/stm32f1xx_hal_gpio.d" -MT"Drivers/STM32F1xx_HAL_Driver/Src/stm32f1xx_hal_gpio.o" --specs=nano.specs -mfloat-abi=soft -mthumb -o "Drivers/STM32F1xx_HAL_Driver/Src/stm32f1xx_hal_gpio.o"
arm-none-eabi-gcc "../Drivers/STM32F1xx_HAL_Driver/Src/stm32f1xx_hal_gpio_ex.c" -mcpu=cortex-m3 -std=gnu11 -g3 -DDEBUG -DUSE_HAL_DRIVER -DSTM32F103xB -c -I../Core/Inc -I"C:/Users/peter/OneDrive/Desktop/Github/pn_can_protocol/pn_can_protocol/can_com" -I"C:/Users/peter/OneDrive/Desktop/Github/pn_can_protocol/pn_can_protocol/user" -I../Drivers/STM32F1xx_HAL_Driver/Inc/Legacy -I../Drivers/STM32F1xx_HAL_Driver/Inc -I../Drivers/CMSIS/Device/ST/STM32F1xx/Include -I../Drivers/CMSIS/Include -O0 -ffunction-sections -fdata-sections -Wall -fstack-usage -fcyclomatic-complexity -MMD -MP -MF"Drivers/STM32F1xx_HAL_Driver/Src/stm32f1xx_hal_gpio_ex.d" -MT"Drivers/STM32F1xx_HAL_Driver/Src/stm32f1xx_hal_gpio_ex.o" --specs=nano.specs -mfloat-abi=soft -mthumb -o "Drivers/STM32F1xx_HAL_Driver/Src/stm32f1xx_hal_gpio_ex.o"
arm-none-eabi-gcc "../Drivers/STM32F1xx_HAL_Driver/Src/stm32f1xx_hal_pwr.c" -mcpu=cortex-m3 -std=gnu11 -g3 -DDEBUG -DUSE_HAL_DRIVER -DSTM32F103xB -c -I../Core/Inc -I"C:/Users/peter/OneDrive/Desktop/Github/pn_can_protocol/pn_can_protocol/can_com" -I"C:/Users/peter/OneDrive/Desktop/Github/pn_can_protocol/pn_can_protocol/user" -I../Drivers/STM32F1xx_HAL_Driver/Inc/Legacy -I../Drivers/STM32F1xx_HAL_Driver/Inc -I../Drivers/CMSIS/Device/ST/STM32F1xx/Include -I../Drivers/CMSIS/Include -O0 -ffunction-sections -fdata-sections -Wall -fstack-usage -fcyclomatic-complexity -MMD -MP -MF"Drivers/STM32F1xx_HAL_Driver/Src/stm32f1xx_hal_pwr.d" -MT"Drivers/STM32F1xx_HAL_Driver/Src/stm32f1xx_hal_pwr.o" --specs=nano.specs -mfloat-abi=soft -mthumb -o "Drivers/STM32F1xx_HAL_Driver/Src/stm32f1xx_hal_pwr.o"
arm-none-eabi-gcc "../Drivers/STM32F1xx_HAL_Driver/Src/stm32f1xx_hal_rcc.c" -mcpu=cortex-m3 -std=gnu11 -g3 -DDEBUG -DUSE_HAL_DRIVER -DSTM32F103xB -c -I../Core/Inc -I"C:/Users/peter/OneDrive/Desktop/Github/pn_can_protocol/pn_can_protocol/can_com" -I"C:/Users/peter/OneDrive/Desktop/Github/pn_can_protocol/pn_can_protocol/user" -I../Drivers/STM32F1xx_HAL_Driver/Inc/Legacy -I../Drivers/STM32F1xx_HAL_Driver/Inc -I../Drivers/CMSIS/Device/ST/STM32F1xx/Include -I../Drivers/CMSIS/Include -O0 -ffunction-sections -fdata-sections -Wall -fstack-usage -fcyclomatic-complexity -MMD -MP -MF"Drivers/STM32F1xx_HAL_Driver/Src/stm32f1xx_hal_rcc.d" -MT"Drivers/STM32F1xx_HAL_Driver/Src/stm32f1xx_hal_rcc.o" --specs=nano.specs -mfloat-abi=soft -mthumb -o "Drivers/STM32F1xx_HAL_Driver/Src/stm32f1xx_hal_rcc.o"
arm-none-eabi-gcc "../Drivers/STM32F1xx_HAL_Driver/Src/stm32f1xx_hal_rcc_ex.c" -mcpu=cortex-m3 -std=gnu11 -g3 -DDEBUG -DUSE_HAL_DRIVER -DSTM32F103xB -c -I../Core/Inc -I"C:/Users/peter/OneDrive/Desktop/Github/pn_can_protocol/pn_can_protocol/can_com" -I"C:/Users/peter/OneDrive/Desktop/Github/pn_can_protocol/pn_can_protocol/user" -I../Drivers/STM32F1xx_HAL_Driver/Inc/Legacy -I../Drivers/STM32F1xx_HAL_Driver/Inc -I../Drivers/CMSIS/Device/ST/STM32F1xx/Include -I../Drivers/CMSIS/Include -O0 -ffunction-sections -fdata-sections -Wall -fstack-usage -fcyclomatic-complexity -MMD -MP -MF"Drivers/STM32F1xx_HAL_Driver/Src/stm32f1xx_hal_rcc_ex.d" -MT"Drivers/STM32F1xx_HAL_Driver/Src/stm32f1xx_hal_rcc_ex.o" --specs=nano.specs -mfloat-abi=soft -mthumb -o "Drivers/STM32F1xx_HAL_Driver/Src/stm32f1xx_hal_rcc_ex.o"
arm-none-eabi-gcc "../Drivers/STM32F1xx_HAL_Driver/Src/stm32f1xx_hal_uart.c" -mcpu=cortex-m3 -std=gnu11 -g3 -DDEBUG -DUSE_HAL_DRIVER -DSTM32F103xB -c -I../Core/Inc -I"C:/Users/peter/OneDrive/Desktop/Github/pn_can_protocol/pn_can_protocol/can_com" -I"C:/Users/peter/OneDrive/Desktop/Github/pn_can_protocol/pn_can_protocol/user" -I../Drivers/STM32F1xx_HAL_Driver/Inc/Legacy -I../Drivers/STM32F1xx_HAL_Driver/Inc -I../Drivers/CMSIS/Device/ST/STM32F1xx/Include -I../Drivers/CMSIS/Include -O0 -ffunction-sections -fdata-sections -Wall -fstack-usage -fcyclomatic-complexity -MMD -MP -MF"Drivers/STM32F1xx_HAL_Driver/Src/stm32f1xx_hal_uart.d" -MT"Drivers/STM32F1xx_HAL_Driver/Src/stm32f1xx_hal_uart.o" --specs=nano.specs -mfloat-abi=soft -mthumb -o "Drivers/STM32F1xx_HAL_Driver/Src/stm32f1xx_hal_uart.o"
arm-none-eabi-gcc -mcpu=cortex-m3 -g3 -DDEBUG -c -x assembler-with-cpp -MMD -MP -MF"Core/Startup/startup_stm32f103c8tx.d" -MT"Core/Startup/startup_stm32f103c8tx.o" --specs=nano.specs -mfloat-abi=soft -mthumb -o "Core/Startup/startup_stm32f103c8tx.o" "../Core/Startup/startup_stm32f103c8tx.s"
arm-none-eabi-gcc "../Core/Src/main.c" -mcpu=cortex-m3 -std=gnu11 -g3 -DDEBUG -DUSE_HAL_DRIVER -DSTM32F103xB -c -I../Core/Inc -I"C:/Users/peter/OneDrive/Desktop/Github/pn_can_protocol/pn_can_protocol/can_com" -I"C:/Users/peter/OneDrive/Desktop/Github/pn_can_protocol/pn_can_protocol/user" -I../Drivers/STM32F1xx_HAL_Driver/Inc/Legacy -I../Drivers/STM32F1xx_HAL_Driver/Inc -I../Drivers/CMSIS/Device/ST/STM32F1xx/Include -I../Drivers/CMSIS/Include -O0 -ffunction-sections -fdata-sections -Wall -fstack-usage -fcyclomatic-complexity -MMD -MP -MF"Core/Src/main.d" -MT"Core/Src/main.o" --specs=nano.specs -mfloat-abi=soft -mthumb -o "Core/Src/main.o"
arm-none-eabi-gcc "../Core/Src/stm32f1xx_hal_msp.c" -mcpu=cortex-m3 -std=gnu11 -g3 -DDEBUG -DUSE_HAL_DRIVER -DSTM32F103xB -c -I../Core/Inc -I"C:/Users/peter/OneDrive/Desktop/Github/pn_can_protocol/pn_can_protocol/can_com" -I"C:/Users/peter/OneDrive/Desktop/Github/pn_can_protocol/pn_can_protocol/user" -I../Drivers/STM32F1xx_HAL_Driver/Inc/Legacy -I../Drivers/STM32F1xx_HAL_Driver/Inc -I../Drivers/CMSIS/Device/ST/STM32F1xx/Include -I../Drivers/CMSIS/Include -O0 -ffunction-sections -fdata-sections -Wall -fstack-usage -fcyclomatic-complexity -MMD -MP -MF"Core/Src/stm32f1xx_hal_msp.d" -MT"Core/Src/stm32f1xx_hal_msp.o" --specs=nano.specs -mfloat-abi=soft -mthumb -o "Core/Src/stm32f1xx_hal_msp.o"
arm-none-eabi-gcc "../Core/Src/stm32f1xx_it.c" -mcpu=cortex-m3 -std=gnu11 -g3 -DDEBUG -DUSE_HAL_DRIVER -DSTM32F103xB -c -I../Core/Inc -I"C:/Users/peter/OneDrive/Desktop/Github/pn_can_protocol/pn_can_protocol/can_com" -I"C:/Users/peter/OneDrive/Desktop/Github/pn_can_protocol/pn_can_protocol/user" -I../Drivers/STM32F1xx_HAL_Driver/Inc/Legacy -I../Drivers/STM32F1xx_HAL_Driver/Inc -I../Drivers/CMSIS/Device/ST/STM32F1xx/Include -I../Drivers/CMSIS/Include -O0 -ffunction-sections -fdata-sections -Wall -fstack-usage -fcyclomatic-complexity -MMD -MP -MF"Core/Src/stm32f1xx_it.d" -MT"Core/Src/stm32f1xx_it.o" --specs=nano.specs -mfloat-abi=soft -mthumb -o "Core/Src/stm32f1xx_it.o"
arm-none-eabi-gcc "../Core/Src/syscalls.c" -mcpu=cortex-m3 -std=gnu11 -g3 -DDEBUG -DUSE_HAL_DRIVER -DSTM32F103xB -c -I../Core/Inc -I"C:/Users/peter/OneDrive/Desktop/Github/pn_can_protocol/pn_can_protocol/can_com" -I"C:/Users/peter/OneDrive/Desktop/Github/pn_can_protocol/pn_can_protocol/user" -I../Drivers/STM32F1xx_HAL_Driver/Inc/Legacy -I../Drivers/STM32F1xx_HAL_Driver/Inc -I../Drivers/CMSIS/Device/ST/STM32F1xx/Include -I../Drivers/CMSIS/Include -O0 -ffunction-sections -fdata-sections -Wall -fstack-usage -fcyclomatic-complexity -MMD -MP -MF"Core/Src/syscalls.d" -MT"Core/Src/syscalls.o" --specs=nano.specs -mfloat-abi=soft -mthumb -o "Core/Src/syscalls.o"
arm-none-eabi-gcc "../Core/Src/sysmem.c" -mcpu=cortex-m3 -std=gnu11 -g3 -DDEBUG -DUSE_HAL_DRIVER -DSTM32F103xB -c -I../Core/Inc -I"C:/Users/peter/OneDrive/Desktop/Github/pn_can_protocol/pn_can_protocol/can_com" -I"C:/Users/peter/OneDrive/Desktop/Github/pn_can_protocol/pn_can_protocol/user" -I../Drivers/STM32F1xx_HAL_Driver/Inc/Legacy -I../Drivers/STM32F1xx_HAL_Driver/Inc -I../Drivers/CMSIS/Device/ST/STM32F1xx/Include -I../Drivers/CMSIS/Include -O0 -ffunction-sections -fdata-sections -Wall -fstack-usage -fcyclomatic-complexity -MMD -MP -MF"Core/Src/sysmem.d" -MT"Core/Src/sysmem.o" --specs=nano.specs -mfloat-abi=soft -mthumb -o "Core/Src/sysmem.o"
arm-none-eabi-gcc "../Core/Src/system_stm32f1xx.c" -mcpu=cortex-m3 -std=gnu11 -g3 -DDEBUG -DUSE_HAL_DRIVER -DSTM32F103xB -c -I../Core/Inc -I"C:/Users/peter/OneDrive/Desktop/Github/pn_can_protocol/pn_can_protocol/can_com" -I"C:/Users/peter/OneDrive/Desktop/Github/pn_can_protocol/pn_can_protocol/user" -I../Drivers/STM32F1xx_HAL_Driver/Inc/Legacy -I../Drivers/STM32F1xx_HAL_Driver/Inc -I../Drivers/CMSIS/Device/ST/STM32F1xx/Include -I../Drivers/CMSIS/Include -O0 -ffunction-sections -fdata-sections -Wall -fstack-usage -fcyclomatic-complexity -MMD -MP -MF"Core/Src/system_stm32f1xx.d" -MT"Core/Src/system_stm32f1xx.o" --specs=nano.specs -mfloat-abi=soft -mthumb -o "Core/Src/system_stm32f1xx.o"
arm-none-eabi-gcc -o "pn_can_protocol.elf" @"objects.list"   -mcpu=cortex-m3 -T"C:\Users\peter\OneDrive\Desktop\Github\pn_can_protocol\pn_can_protocol\STM32F103C8TX_FLASH.ld" --specs=nosys.specs -Wl,-Map="pn_can_protocol.map" -Wl,--gc-sections -static --specs=nano.specs -mfloat-abi=soft -mthumb -Wl,--start-group -lc -lm -Wl,--end-group
Finished building target: pn_can_protocol.elf
 
arm-none-eabi-size   pn_can_protocol.elf 
arm-none-eabi-objdump -h -S  pn_can_protocol.elf  > "pn_can_protocol.list"
   text	   data	    bss	    dec	    hex	filename
   9504	    120	   1696	  11320	   2c38	pn_can_protocol.elf
Finished building: default.size.stdout
 
Finished building: pn_can_protocol.list
 

10:07:53 Build Finished. 0 errors, 9 warnings. (took 6s.768ms)

