20:03:41 **** Incremental Build of configuration Debug for project pn_can_protocol ****
make -j4 all 
arm-none-eabi-gcc "../user/pn_can_protocol.c" -mcpu=cortex-m3 -std=gnu11 -g3 -DDEBUG -DUSE_HAL_DRIVER -DSTM32F103xB -c -I../Core/Inc -I"C:/Users/peter/OneDrive/Desktop/Github/pn_can_protocol/pn_can_protocol/can_com" -I"C:/Users/peter/OneDrive/Desktop/Github/pn_can_protocol/pn_can_protocol/user" -I../Drivers/STM32F1xx_HAL_Driver/Inc/Legacy -I../Drivers/STM32F1xx_HAL_Driver/Inc -I../Drivers/CMSIS/Device/ST/STM32F1xx/Include -I../Drivers/CMSIS/Include -O0 -ffunction-sections -fdata-sections -Wall -fstack-usage -fcyclomatic-complexity -MMD -MP -MF"user/pn_can_protocol.d" -MT"user/pn_can_protocol.o" --specs=nano.specs -mfloat-abi=soft -mthumb -o "user/pn_can_protocol.o"
arm-none-eabi-gcc -o "pn_can_protocol.elf" @"objects.list"   -mcpu=cortex-m3 -T"C:\Users\peter\OneDrive\Desktop\Github\pn_can_protocol\pn_can_protocol\STM32F103C8TX_FLASH.ld" --specs=nosys.specs -Wl,-Map="pn_can_protocol.map" -Wl,--gc-sections -static --specs=nano.specs -mfloat-abi=soft -mthumb -Wl,--start-group -lc -lm -Wl,--end-group
Finished building target: pn_can_protocol.elf
 
arm-none-eabi-size   pn_can_protocol.elf 
arm-none-eabi-objdump -h -S  pn_can_protocol.elf  > "pn_can_protocol.list"
   text	   data	    bss	    dec	    hex	filename
  18920	    160	   1800	  20880	   5190	pn_can_protocol.elf
Finished building: default.size.stdout
 
Finished building: pn_can_protocol.list
 

20:03:43 Build Finished. 0 errors, 0 warnings. (took 2s.390ms)

